
> open-q@0.0.0 test
> vitest --run --reporter=default


[1m[46m RUN [49m[22m [36mv4.0.16 [39m[90m/home/julien/open-q/frontend[39m

 [31m❯[39m src/hooks/useStudyPersistence.test.ts [2m([22m[2m6 tests[22m[2m | [22m[31m1 failed[39m[2m)[22m[32m 86[2mms[22m[39m
     [32m✓[39m should not trigger save automatically[32m 28[2mms[22m[39m
     [32m✓[39m should trigger save when manual save is called[32m 8[2mms[22m[39m
[31m     [31m×[31m should backup draft to localStorage immediately[39m[32m 14[2mms[22m[39m
     [32m✓[39m should handle 409 conflict and merge[32m 16[2mms[22m[39m
     [32m✓[39m should warn user before unload when changes are unsaved[32m 5[2mms[22m[39m
     [32m✓[39m should not warn before unload when changes are synced[32m 3[2mms[22m[39m
[90mstderr[2m | src/pages/ConsentPage.test.tsx[2m > [22m[2mConsentPage[2m > [22m[2msubmits consent and navigates to presort
[22m[39mFailed to record consent proof: TypeError: Cannot read properties of undefined (reading 'language')
    at onSubmit [90m(/home/julien/open-q/frontend/[39msrc/pages/ConsentPage.tsx:91:45[90m)[39m
    at [90mfile:///home/julien/open-q/frontend/[39mnode_modules/[4mreact-hook-form[24m/dist/index.esm.mjs:2126:17

[90mstderr[2m | src/pages/ConsentPage.test.tsx[2m > [22m[2mConsentPage[2m > [22m[2mnavigates to rough-sort if presort is disabled
[22m[39mFailed to record consent proof: TypeError: Cannot read properties of undefined (reading 'language')
    at onSubmit [90m(/home/julien/open-q/frontend/[39msrc/pages/ConsentPage.tsx:91:45[90m)[39m
    at [90mfile:///home/julien/open-q/frontend/[39mnode_modules/[4mreact-hook-form[24m/dist/index.esm.mjs:2126:17

 [32m✓[39m src/pages/ConsentPage.test.tsx [2m([22m[2m6 tests[22m[2m)[22m[33m 898[2mms[22m[39m
 [32m✓[39m src/components/admin/designer/QuestionBuilder.presort.test.tsx [2m([22m[2m7 tests[22m[2m)[22m[33m 1310[2mms[22m[39m
     [33m[2m✓[22m[39m updates fields in new structure [33m 321[2mms[22m[39m
 [32m✓[39m src/pages/admin/GeneralSettingsPage.test.tsx [2m([22m[2m5 tests[22m[2m)[22m[33m 1471[2mms[22m[39m
     [33m[2m✓[22m[39m renders only the slug field [33m 320[2mms[22m[39m
     [33m[2m✓[22m[39m submits update with only slug [33m 777[2mms[22m[39m
 [32m✓[39m src/components/GridSort.interactions.test.tsx [2m([22m[2m4 tests[22m[2m)[22m[33m 995[2mms[22m[39m
     [33m[2m✓[22m[39m defaults to disagree pile and switches piles correctly [33m 605[2mms[22m[39m
[90mstdout[2m | src/pages/FineSortPage.mobile.test.tsx[2m > [22m[2mFineSortPage Mobile Interaction (Integration)[2m > [22m[2mdisplays the precise "empty pile" message when a category is fully placed
[22m[39m[StudyLayout] Loader data type: undefined [33mfalse[39m
[StudyLayout] Loader data keys: null
[StudyLayout] ConfigStore: {
  slug: [32m'demo'[39m,
  title: [32m'Demo Study'[39m,
  description: [32m'Mocked for testing'[39m,
  instructions: [32m'Sort them'[39m,
  statements: [
    { id: [33m1[39m, text: [32m'Statement 1'[39m },
    { id: [33m2[39m, text: [32m'Statement 2'[39m },
    { id: [33m3[39m, text: [32m'Statement 3'[39m }
  ],
  grid_config: [
    { score: [33m-1[39m, capacity: [33m1[39m },
    { score: [33m0[39m, capacity: [33m1[39m },
    { score: [33m1[39m, capacity: [33m1[39m }
  ],
  presort_config: {}
}

[90mstderr[2m | src/pages/FineSortPage.mobile.test.tsx[2m > [22m[2mFineSortPage Mobile Interaction (Integration)[2m > [22m[2mdisplays the precise "empty pile" message when a category is fully placed
[22m[39mReconciling missing cards: [ [33m2[39m, [33m3[39m ]
[StudyLayout] Loader data is falsy!

 [32m✓[39m src/components/admin/designer/PostSortConfigEditor.test.tsx [2m([22m[2m10 tests[22m[2m)[22m[33m 1954[2mms[22m[39m
     [33m[2m✓[22m[39m renders email collection toggle [33m 334[2mms[22m[39m
     [33m[2m✓[22m[39m updates specific prompt values in store [33m 377[2mms[22m[39m
 [32m✓[39m src/pages/RoughSortPage.test.tsx [2m([22m[2m16 tests[22m[2m)[22m[33m 1679[2mms[22m[39m
 [32m✓[39m src/pages/admin/StudyDesignPage.responsive.test.tsx [2m([22m[2m2 tests[22m[2m | [22m[33m1 skipped[39m[2m)[22m[33m 820[2mms[22m[39m
     [33m[2m✓[22m[39m page renders with main tabs [33m 803[2mms[22m[39m
[90mstdout[2m | src/pages/FineSortPage.mobile.test.tsx[2m > [22m[2mFineSortPage Mobile Interaction (Integration)[2m > [22m[2mallows "Tap-to-Swap" interaction: Select Card -> Tap Occupied Slot -> Swap
[22m[39m[StudyLayout] Loader data type: undefined [33mfalse[39m
[StudyLayout] Loader data keys: null
[StudyLayout] ConfigStore: {
  slug: [32m'demo'[39m,
  title: [32m'Demo Study'[39m,
  description: [32m'Mocked for testing'[39m,
  instructions: [32m'Sort them'[39m,
  statements: [
    { id: [33m1[39m, text: [32m'Statement 1'[39m },
    { id: [33m2[39m, text: [32m'Statement 2'[39m },
    { id: [33m3[39m, text: [32m'Statement 3'[39m }
  ],
  grid_config: [
    { score: [33m-1[39m, capacity: [33m1[39m },
    { score: [33m0[39m, capacity: [33m1[39m },
    { score: [33m1[39m, capacity: [33m1[39m }
  ],
  presort_config: {}
}

[90mstderr[2m | src/pages/FineSortPage.mobile.test.tsx[2m > [22m[2mFineSortPage Mobile Interaction (Integration)[2m > [22m[2mallows "Tap-to-Swap" interaction: Select Card -> Tap Occupied Slot -> Swap
[22m[39mReconciling missing cards: [ [33m3[39m ]
[StudyLayout] Loader data is falsy!

 [32m✓[39m src/pages/FineSortPage.mobile.test.tsx [2m([22m[2m3 tests[22m[2m | [22m[33m1 skipped[39m[2m)[22m[33m 1348[2mms[22m[39m
     [33m[2m✓[22m[39m displays the precise "empty pile" message when a category is fully placed [33m 753[2mms[22m[39m
     [33m[2m✓[22m[39m allows "Tap-to-Swap" interaction: Select Card -> Tap Occupied Slot -> Swap [33m 578[2mms[22m[39m
 [32m✓[39m src/pages/admin/StudyDesignPage.test.tsx [2m([22m[2m4 tests[22m[2m)[22m[33m 2083[2mms[22m[39m
     [33m[2m✓[22m[39m renders the launch readiness checklist [33m 856[2mms[22m[39m
     [33m[2m✓[22m[39m signals pending status when grid is unbalanced [33m 325[2mms[22m[39m
     [33m[2m✓[22m[39m enables sequential navigation between steps [33m 867[2mms[22m[39m
 [32m✓[39m src/components/GridSort.layout.test.tsx [2m([22m[2m6 tests[22m[2m)[22m[33m 617[2mms[22m[39m
     [33m[2m✓[22m[39m shows "Drag or Tap" in footer when deck has cards and no card is selected [33m 313[2mms[22m[39m
 [32m✓[39m src/components/admin/designer/InterfaceEditor.test.tsx [2m([22m[2m5 tests[22m[2m)[22m[33m 847[2mms[22m[39m
[90mstdout[2m | src/layouts/StudyLayout.test.tsx[2m > [22m[2mStudyLayout Language Sync[2m > [22m[2mUpdates i18n when Store language changes
[22m[39m[StudyLayout] Loader data type: undefined [33mfalse[39m
[StudyLayout] Loader data keys: null
[StudyLayout] ConfigStore: {
  title: [32m'Test Study'[39m,
  slug: [32m'test'[39m,
  statements: [],
  grid_config: [],
  presort_config: {},
  postsort_config: {},
  available_languages: [ [32m'en'[39m, [32m'fr'[39m ],
  require_code: [33mfalse[39m,
  require_consent: [33mtrue[39m,
  consent_text: [32m'Consent'[39m
}

[90mstderr[2m | src/layouts/StudyLayout.test.tsx[2m > [22m[2mStudyLayout Language Sync[2m > [22m[2mUpdates i18n when Store language changes
[22m[39m[StudyLayout] Loader data is falsy!

[90mstdout[2m | src/layouts/StudyLayout.test.tsx[2m > [22m[2mStudyLayout Language Sync[2m > [22m[2mUpdates Store when UI Language Button is clicked
[22m[39m[StudyLayout] Loader data type: undefined [33mfalse[39m
[StudyLayout] Loader data keys: null
[StudyLayout] ConfigStore: {
  title: [32m'Test Study'[39m,
  slug: [32m'test'[39m,
  statements: [],
  grid_config: [],
  presort_config: {},
  postsort_config: {},
  available_languages: [ [32m'en'[39m, [32m'fr'[39m ],
  require_code: [33mfalse[39m,
  require_consent: [33mtrue[39m,
  consent_text: [32m'Consent'[39m
}

[90mstderr[2m | src/layouts/StudyLayout.test.tsx[2m > [22m[2mStudyLayout Language Sync[2m > [22m[2mUpdates Store when UI Language Button is clicked
[22m[39m[StudyLayout] Loader data is falsy!

[90mstdout[2m | src/layouts/StudyLayout.test.tsx[2m > [22m[2mLayout Scroll Behavior[2m > [22m[2mApplies overflow-hidden on sorting pages
[22m[39m[StudyLayout] Loader data type: undefined [33mfalse[39m
[StudyLayout] Loader data keys: null
[StudyLayout] ConfigStore: {
  title: [32m'Test Study'[39m,
  slug: [32m'slug'[39m,
  statements: [],
  grid_config: [],
  presort_config: {},
  postsort_config: {},
  available_languages: [ [32m'en'[39m ],
  require_code: [33mfalse[39m,
  require_consent: [33mtrue[39m,
  consent_text: [32m'Consent'[39m
}

[90mstderr[2m | src/layouts/StudyLayout.test.tsx[2m > [22m[2mLayout Scroll Behavior[2m > [22m[2mApplies overflow-hidden on sorting pages
[22m[39m[StudyLayout] Loader data is falsy!

[90mstdout[2m | src/layouts/StudyLayout.test.tsx[2m > [22m[2mLayout Scroll Behavior[2m > [22m[2mApplies overflow-hidden on fine-sort page
[22m[39m[StudyLayout] Loader data type: undefined [33mfalse[39m
[StudyLayout] Loader data keys: null
[StudyLayout] ConfigStore: {
  title: [32m'Test Study'[39m,
  slug: [32m'slug'[39m,
  statements: [],
  grid_config: [],
  presort_config: {},
  postsort_config: {},
  available_languages: [ [32m'en'[39m ],
  require_code: [33mfalse[39m,
  require_consent: [33mtrue[39m,
  consent_text: [32m'Consent'[39m
}

[90mstderr[2m | src/layouts/StudyLayout.test.tsx[2m > [22m[2mLayout Scroll Behavior[2m > [22m[2mApplies overflow-hidden on fine-sort page
[22m[39m[StudyLayout] Loader data is falsy!

[90mstdout[2m | src/layouts/StudyLayout.test.tsx[2m > [22m[2mLayout Scroll Behavior[2m > [22m[2mApplies overflow-y-auto on post-sort page (despite containing "sort")
[22m[39m[StudyLayout] Loader data type: undefined [33mfalse[39m
[StudyLayout] Loader data keys: null
[StudyLayout] ConfigStore: {
  title: [32m'Test Study'[39m,
  slug: [32m'slug'[39m,
  statements: [],
  grid_config: [],
  presort_config: {},
  postsort_config: {},
  available_languages: [ [32m'en'[39m ],
  require_code: [33mfalse[39m,
  require_consent: [33mtrue[39m,
  consent_text: [32m'Consent'[39m
}

[90mstderr[2m | src/layouts/StudyLayout.test.tsx[2m > [22m[2mLayout Scroll Behavior[2m > [22m[2mApplies overflow-y-auto on post-sort page (despite containing "sort")
[22m[39m[StudyLayout] Loader data is falsy!

[90mstdout[2m | src/layouts/StudyLayout.test.tsx[2m > [22m[2mLayout Scroll Behavior[2m > [22m[2mApplies overflow-y-auto on other pages (e.g. welcome)
[22m[39m[StudyLayout] Loader data type: undefined [33mfalse[39m
[StudyLayout] Loader data keys: null
[StudyLayout] ConfigStore: {
  title: [32m'Test Study'[39m,
  slug: [32m'slug'[39m,
  statements: [],
  grid_config: [],
  presort_config: {},
  postsort_config: {},
  available_languages: [ [32m'en'[39m ],
  require_code: [33mfalse[39m,
  require_consent: [33mtrue[39m,
  consent_text: [32m'Consent'[39m
}

[90mstderr[2m | src/layouts/StudyLayout.test.tsx[2m > [22m[2mLayout Scroll Behavior[2m > [22m[2mApplies overflow-y-auto on other pages (e.g. welcome)
[22m[39m[StudyLayout] Loader data is falsy!

[90mstdout[2m | src/layouts/StudyLayout.test.tsx[2m > [22m[2mLayout Loading & Error States[2m > [22m[2mRenders loading spinner when config is missing and loading is true
[22m[39m[StudyLayout] Loader data type: undefined [33mfalse[39m
[StudyLayout] Loader data keys: null
[StudyLayout] ConfigStore: [1mnull[22m

[90mstderr[2m | src/layouts/StudyLayout.test.tsx[2m > [22m[2mLayout Loading & Error States[2m > [22m[2mRenders loading spinner when config is missing and loading is true
[22m[39m[StudyLayout] Loader data is falsy!

[90mstdout[2m | src/layouts/StudyLayout.test.tsx[2m > [22m[2mLayout Loading & Error States[2m > [22m[2mRenders StudyNotFound when error is common.errors.not_found
[22m[39m[StudyLayout] Loader data type: undefined [33mfalse[39m
[StudyLayout] Loader data keys: null
[StudyLayout] ConfigStore: [1mnull[22m

[90mstderr[2m | src/layouts/StudyLayout.test.tsx[2m > [22m[2mLayout Loading & Error States[2m > [22m[2mRenders StudyNotFound when error is common.errors.not_found
[22m[39m[StudyLayout] Loader data is falsy!

[90mstdout[2m | src/pages/FineSortPage.desktop.test.tsx[2m > [22m[2mFineSortPage Desktop Layout (Integration)[2m > [22m[2morganizes deck cards in two columns on desktop
[22m[39m[StudyLayout] Loader data type: undefined [33mfalse[39m
[StudyLayout] Loader data keys: null
[StudyLayout] ConfigStore: {
  slug: [32m'demo-study'[39m,
  title: [32m'Demo Study'[39m,
  statements: [
    { id: [33m1[39m, code: [32m'1'[39m, text: [32m'Statement 1'[39m },
    { id: [33m2[39m, code: [32m'2'[39m, text: [32m'Statement 2'[39m },
    { id: [33m3[39m, code: [32m'3'[39m, text: [32m'Statement 3'[39m }
  ],
  grid_config: [
    { score: [33m-1[39m, capacity: [33m1[39m },
    { score: [33m0[39m, capacity: [33m1[39m },
    { score: [33m1[39m, capacity: [33m1[39m }
  ]
}

[90mstderr[2m | src/pages/FineSortPage.desktop.test.tsx[2m > [22m[2mFineSortPage Desktop Layout (Integration)[2m > [22m[2morganizes deck cards in two columns on desktop
[22m[39m[StudyLayout] Loader data is falsy!

[90mstdout[2m | src/layouts/StudyLayout.test.tsx[2m > [22m[2mLayout Loading & Error States[2m > [22m[2mRenders ErrorPage for generic errors
[22m[39m[StudyLayout] Loader data type: undefined [33mfalse[39m
[StudyLayout] Loader data keys: null
[StudyLayout] ConfigStore: [1mnull[22m

[90mstderr[2m | src/layouts/StudyLayout.test.tsx[2m > [22m[2mLayout Loading & Error States[2m > [22m[2mRenders ErrorPage for generic errors
[22m[39m[StudyLayout] Loader data is falsy!

[90mstdout[2m | src/layouts/StudyLayout.test.tsx[2m > [22m[2mLayout Route Protection[2m > [22m[2mRedirects to Welcome if trying to access protected route without consent
[22m[39m[StudyLayout] Loader data type: undefined [33mfalse[39m
[StudyLayout] Loader data keys: null
[StudyLayout] ConfigStore: { slug: [32m'test'[39m }

[90mstderr[2m | src/layouts/StudyLayout.test.tsx[2m > [22m[2mLayout Route Protection[2m > [22m[2mRedirects to Welcome if trying to access protected route without consent
[22m[39m[StudyLayout] Loader data is falsy!

 [32m✓[39m src/pages/FineSortPage.desktop.test.tsx [2m([22m[2m1 test[22m[2m)[22m[33m 807[2mms[22m[39m
     [33m[2m✓[22m[39m organizes deck cards in two columns on desktop [33m 781[2mms[22m[39m
[90mstdout[2m | src/layouts/StudyLayout.test.tsx[2m > [22m[2mLayout Route Protection[2m > [22m[2mAllows access to protected route if consented
[22m[39m[StudyLayout] Loader data type: undefined [33mfalse[39m
[StudyLayout] Loader data keys: null
[StudyLayout] ConfigStore: { slug: [32m'test'[39m }

[90mstderr[2m | src/layouts/StudyLayout.test.tsx[2m > [22m[2mLayout Route Protection[2m > [22m[2mAllows access to protected route if consented
[22m[39m[StudyLayout] Loader data is falsy!

[90mstdout[2m | src/layouts/StudyLayout.test.tsx[2m > [22m[2mLayout Route Protection[2m > [22m[2mRedirects to Post-Sort if study is completed
[22m[39m[StudyLayout] Loader data type: undefined [33mfalse[39m
[StudyLayout] Loader data keys: null
[StudyLayout] ConfigStore: { slug: [32m'test'[39m }

[90mstderr[2m | src/layouts/StudyLayout.test.tsx[2m > [22m[2mLayout Route Protection[2m > [22m[2mRedirects to Post-Sort if study is completed
[22m[39m[StudyLayout] Loader data is falsy!

[90mstdout[2m | src/layouts/StudyLayout.test.tsx[2m > [22m[2mLayout Route Protection[2m > [22m[2mSkips rendering Pre-sort step node when disabled
[22m[39m[StudyLayout] Loader data type: undefined [33mfalse[39m
[StudyLayout] Loader data keys: null
[StudyLayout] ConfigStore: { slug: [32m'test'[39m, presort_config: { enabled: [33mfalse[39m, fields: {} } }

[90mstderr[2m | src/layouts/StudyLayout.test.tsx[2m > [22m[2mLayout Route Protection[2m > [22m[2mSkips rendering Pre-sort step node when disabled
[22m[39m[StudyLayout] Loader data is falsy!

 [32m✓[39m src/layouts/StudyLayout.test.tsx [2m([22m[2m13 tests[22m[2m)[22m[33m 1019[2mms[22m[39m
 [32m✓[39m src/integration/StudyConsistency.test.tsx [2m([22m[2m1 test[22m[2m)[22m[33m 1143[2mms[22m[39m
     [33m[2m✓[22m[39m renders questions added in Admin Designer within the Participant PreSort page [33m 1124[2mms[22m[39m
[90mstderr[2m | src/components/GridSort.mobile-layout.test.tsx[2m > [22m[2mFineSortPage Mobile Interaction (Integration)[2m > [22m[2mapplies fixed height classes to mobile Reading Zone and categories
[22m[39mReact does not recognize the `isSelected` prop on a DOM element. If you intentionally want it to appear in the DOM as a custom attribute, spell it as lowercase `isselected` instead. If you accidentally passed it from a parent component, remove it from the DOM element.
Unknown event handler property `onAction`. It will be ignored.
React does not recognize the `disableHoverZoom` prop on a DOM element. If you intentionally want it to appear in the DOM as a custom attribute, spell it as lowercase `disablehoverzoom` instead. If you accidentally passed it from a parent component, remove it from the DOM element.

[90mstdout[2m | src/pages/PreSortPage.test.tsx[2m > [22m[2mPreSortPage[2m > [22m[2mvalidates required fields
[22m[39mFORM UPDATE: {
  value: { age: [32m'25'[39m, gender: [32m''[39m, job: [32m''[39m },
  isValid: [33mfalse[39m,
  errors: {}
}

[90mstdout[2m | src/pages/PreSortPage.test.tsx[2m > [22m[2mPreSortPage[2m > [22m[2msubmits valid form data
[22m[39mFORM UPDATE: {
  value: { age: [32m'30'[39m, gender: [32m''[39m, job: [32m''[39m },
  isValid: [33mfalse[39m,
  errors: {}
}
FORM UPDATE: {
  value: { age: [32m'30'[39m, gender: [32m'Female'[39m, job: [32m''[39m },
  isValid: [33mfalse[39m,
  errors: {}
}

[90mstderr[2m | src/pages/PreSortPage.test.tsx[2m > [22m[2mPreSortPage[2m > [22m[2msubmits valid form data
[22m[39mNo routes matched location "/study/test/rough-sort"

 [32m✓[39m src/components/SortingAnimation.test.tsx [2m([22m[2m5 tests[22m[2m | [22m[33m1 skipped[39m[2m)[22m[33m 634[2mms[22m[39m
     [33m[2m✓[22m[39m renders both Rough and Fine sort containers [33m 304[2mms[22m[39m
 [32m✓[39m src/components/GridSort.mobile-layout.test.tsx [2m([22m[2m4 tests[22m[2m)[22m[33m 558[2mms[22m[39m
[90mstdout[2m | src/pages/PreSortPage.test.tsx[2m > [22m[2mPreSortPage[2m > [22m[2mpersists data when re-navigating
[22m[39mFORM UPDATE: {
  value: { age: [32m'45'[39m, gender: [32m''[39m, job: [32m''[39m },
  isValid: [33mfalse[39m,
  errors: {}
}

[90mstdout[2m | src/pages/PostSortPage.test.tsx[2m > [22m[2mPostSortPage[2m > [22m[2mRedirects to /fine-sort if qsort is incomplete
[22m[39m[StudyLayout] Loader data type: undefined [33mfalse[39m
[StudyLayout] Loader data keys: null
[StudyLayout] ConfigStore: {
  statements: [ { id: [33m1[39m, text: [32m'S1'[39m }, { id: [33m2[39m, text: [32m'S2'[39m } ],
  slug: [32m'demo'[39m,
  grid_config: [ { score: [33m-1[39m, capacity: [33m1[39m }, { score: [33m1[39m, capacity: [33m1[39m } ],
  state: [32m'active'[39m
}

[90mstderr[2m | src/pages/PostSortPage.test.tsx[2m > [22m[2mPostSortPage[2m > [22m[2mRedirects to /fine-sort if qsort is incomplete
[22m[39m[StudyLayout] Loader data is falsy!

 [32m✓[39m src/pages/PreSortPage.test.tsx [2m([22m[2m4 tests[22m[2m)[22m[33m 609[2mms[22m[39m
[90mstdout[2m | src/pages/PostSortPage.test.tsx[2m > [22m[2mPostSortPage[2m > [22m[2mRenders Post Sort page if qsort is complete
[22m[39m[StudyLayout] Loader data type: undefined [33mfalse[39m
[StudyLayout] Loader data keys: null
[StudyLayout] ConfigStore: {
  statements: [ { id: [33m1[39m, text: [32m'S1'[39m }, { id: [33m2[39m, text: [32m'S2'[39m } ],
  slug: [32m'demo'[39m,
  grid_config: [ { score: [33m-1[39m, capacity: [33m1[39m }, { score: [33m1[39m, capacity: [33m1[39m } ],
  state: [32m'active'[39m
}

[90mstderr[2m | src/pages/PostSortPage.test.tsx[2m > [22m[2mPostSortPage[2m > [22m[2mRenders Post Sort page if qsort is complete
[22m[39m[StudyLayout] Loader data is falsy!

 [32m✓[39m src/pages/WelcomePage.test.tsx [2m([22m[2m5 tests[22m[2m)[22m[33m 1067[2mms[22m[39m
     [33m[2m✓[22m[39m renders study details (title, subtitle, description, objective) [33m 356[2mms[22m[39m
[90mstdout[2m | src/pages/PostSortPage.test.tsx[2m > [22m[2mPostSortPage[2m > [22m[2mRenders specific prompts for positive and negative extremes
[22m[39m[StudyLayout] Loader data type: undefined [33mfalse[39m
[StudyLayout] Loader data keys: null
[StudyLayout] ConfigStore: {
  statements: [
    { id: [33m1[39m, text: [32m'Card Negative'[39m },
    { id: [33m2[39m, text: [32m'Card Positive'[39m }
  ],
  slug: [32m'demo'[39m,
  grid_config: [ { score: [33m-1[39m, capacity: [33m1[39m }, { score: [33m1[39m, capacity: [33m1[39m } ],
  postsort_config: {
    extreme_columns: [ [33m-1[39m, [33m1[39m ],
    prompts: {
      extreme_negative: [32m'Why so negative?'[39m,
      extreme_positive: [32m'Why so positive?'[39m
    }
  },
  state: [32m'active'[39m
}

[90mstderr[2m | src/pages/PostSortPage.test.tsx[2m > [22m[2mPostSortPage[2m > [22m[2mRenders specific prompts for positive and negative extremes
[22m[39m[StudyLayout] Loader data is falsy!

 [32m✓[39m src/pages/PostSortPage.test.tsx [2m([22m[2m3 tests[22m[2m)[22m[33m 644[2mms[22m[39m
     [33m[2m✓[22m[39m Redirects to /fine-sort if qsort is incomplete [33m 359[2mms[22m[39m
 [32m✓[39m src/components/admin/designer/QSortEditor.test.tsx [2m([22m[2m17 tests[22m[2m)[22m[33m 8587[2mms[22m[39m
       [33m[2m✓[22m[39m renders the editor with sub-tabs [33m 404[2mms[22m[39m
       [33m[2m✓[22m[39m switches between statements and distribution tabs [33m 472[2mms[22m[39m
       [33m[2m✓[22m[39m handles bulk statement import (Replace mode) [33m 2514[2mms[22m[39m
       [33m[2m✓[22m[39m handles bulk statement import (Append mode) [33m 1264[2mms[22m[39m
       [33m[2m✓[22m[39m supports TSV format [33m 1080[2mms[22m[39m
       [33m[2m✓[22m[39m clears bulk text after successful import [33m 664[2mms[22m[39m
       [33m[2m✓[22m[39m clears all statements with confirmation [33m 445[2mms[22m[39m
[90mstderr[2m | src/pages/FineSortPage.reconciliation.test.tsx[2m > [22m[2mFineSortPage Reconciliation[2m > [22m[2mrecovers missing cards into neutral deck on mount
[22m[39mReconciling missing cards: [ [33m3[39m ]
Reconciling missing cards: [ [33m3[39m ]

 [32m✓[39m src/pages/FineSortPage.reconciliation.test.tsx [2m([22m[2m1 test[22m[2m)[22m[33m 460[2mms[22m[39m
     [33m[2m✓[22m[39m recovers missing cards into neutral deck on mount [33m 439[2mms[22m[39m
[90mstdout[2m | src/AppRouter.test.tsx[2m > [22m[2mApp Routing Protection[2m > [22m[2mredirects to welcome if not consented on protected route
[22m[39m[StudyLayout] Loader data type: undefined [33mfalse[39m
[StudyLayout] Loader data keys: null
[StudyLayout] ConfigStore: {
  slug: [32m'demo'[39m,
  title: [32m'Test'[39m,
  description: [32m'Test'[39m,
  instructions: [32m'Test'[39m,
  statements: [],
  presort_config: {},
  grid_config: []
}

[90mstderr[2m | src/AppRouter.test.tsx[2m > [22m[2mApp Routing Protection[2m > [22m[2mredirects to welcome if not consented on protected route
[22m[39m[StudyLayout] Loader data is falsy!

 [32m✓[39m src/components/admin/DashboardSkeleton.test.tsx [2m([22m[2m6 tests[22m[2m)[22m[32m 230[2mms[22m[39m
[90mstdout[2m | src/AppRouter.test.tsx[2m > [22m[2mApp Routing Protection[2m > [22m[2mallows access if consented
[22m[39m[StudyLayout] Loader data type: undefined [33mfalse[39m
[StudyLayout] Loader data keys: null
[StudyLayout] ConfigStore: {
  slug: [32m'demo'[39m,
  title: [32m'Test'[39m,
  description: [32m'Test'[39m,
  instructions: [32m'Test'[39m,
  statements: [],
  presort_config: {},
  grid_config: []
}

[90mstderr[2m | src/AppRouter.test.tsx[2m > [22m[2mApp Routing Protection[2m > [22m[2mallows access if consented
[22m[39m[StudyLayout] Loader data is falsy!

 [32m✓[39m src/pages/ErrorPage.test.tsx [2m([22m[2m4 tests[22m[2m)[22m[32m 276[2mms[22m[39m
[90mstdout[2m | src/AppRouter.test.tsx[2m > [22m[2mApp Routing Protection[2m > [22m[2mredirects from base study URL to welcome by default
[22m[39m[StudyLayout] Loader data type: undefined [33mfalse[39m
[StudyLayout] Loader data keys: null
[StudyLayout] ConfigStore: {
  slug: [32m'demo'[39m,
  title: [32m'Test'[39m,
  description: [32m'Test'[39m,
  instructions: [32m'Test'[39m,
  statements: [],
  presort_config: {},
  grid_config: []
}

[90mstderr[2m | src/AppRouter.test.tsx[2m > [22m[2mApp Routing Protection[2m > [22m[2mredirects from base study URL to welcome by default
[22m[39m[StudyLayout] Loader data is falsy!

[90mstdout[2m | src/AppRouter.test.tsx[2m > [22m[2mApp Routing Protection[2m > [22m[2mredirects from base study URL to current step in session
[22m[39m[StudyLayout] Loader data type: undefined [33mfalse[39m
[StudyLayout] Loader data keys: null
[StudyLayout] ConfigStore: {
  slug: [32m'demo'[39m,
  title: [32m'Test'[39m,
  description: [32m'Test'[39m,
  instructions: [32m'Test'[39m,
  statements: [],
  presort_config: {},
  grid_config: []
}

[90mstderr[2m | src/AppRouter.test.tsx[2m > [22m[2mApp Routing Protection[2m > [22m[2mredirects from base study URL to current step in session
[22m[39m[StudyLayout] Loader data is falsy!

 [32m✓[39m src/AppRouter.test.tsx [2m([22m[2m4 tests[22m[2m)[22m[33m 639[2mms[22m[39m
 [32m✓[39m src/hooks/useSubmitStudy.test.ts [2m([22m[2m6 tests[22m[2m)[22m[32m 215[2mms[22m[39m
[90mstdout[2m | src/integration/Navigation.integration.test.tsx[2m > [22m[2mNavigation Integration[2m > [22m[2mnavigates forward and backward correctly
[22m[39m[StudyLayout] Loader data type: undefined [33mfalse[39m
[StudyLayout] Loader data keys: null
[StudyLayout] ConfigStore: {
  slug: [32m'demo'[39m,
  title: [32m'Test Study'[39m,
  description: [32m'Test Description'[39m,
  instructions: [32m'Instructions'[39m,
  statements: [],
  presort_config: {},
  grid_config: [],
  state: [32m'active'[39m
}

[90mstderr[2m | src/integration/Navigation.integration.test.tsx[2m > [22m[2mNavigation Integration[2m > [22m[2mnavigates forward and backward correctly
[22m[39m[StudyLayout] Loader data is falsy!

 [32m✓[39m src/integration/Navigation.integration.test.tsx [2m([22m[2m1 test[22m[2m)[22m[33m 488[2mms[22m[39m
     [33m[2m✓[22m[39m navigates forward and backward correctly [33m 473[2mms[22m[39m
 [32m✓[39m src/pages/LandingPage.test.tsx [2m([22m[2m3 tests[22m[2m)[22m[33m 332[2mms[22m[39m
 [32m✓[39m src/components/GridSort.pedagogy.test.tsx [2m([22m[2m2 tests[22m[2m)[22m[33m 442[2mms[22m[39m
 [32m✓[39m src/pages/RoughSortPage.integration.test.tsx [2m([22m[2m2 tests[22m[2m)[22m[32m 271[2mms[22m[39m
 [32m✓[39m src/components/SortableCard.test.tsx [2m([22m[2m11 tests[22m[2m)[22m[33m 333[2mms[22m[39m
 [32m✓[39m src/components/CardStack.test.tsx [2m([22m[2m2 tests[22m[2m)[22m[32m 244[2mms[22m[39m
 [32m✓[39m src/hooks/useGridZoom.test.ts [2m([22m[2m4 tests[22m[2m)[22m[32m 106[2mms[22m[39m
 [32m✓[39m src/pages/StudyStatusPage.test.tsx [2m([22m[2m7 tests[22m[2m)[22m[33m 339[2mms[22m[39m
 [32m✓[39m src/pages/FineSortPage.integration.test.tsx [2m([22m[2m2 tests[22m[2m)[22m[32m 223[2mms[22m[39m
 [32m✓[39m src/components/admin/designer/ConditionOfInstructionEditor.test.tsx [2m([22m[2m5 tests[22m[2m)[22m[33m 387[2mms[22m[39m
 [32m✓[39m src/components/MethodologyTips.test.tsx [2m([22m[2m5 tests[22m[2m)[22m[32m 299[2mms[22m[39m
 [32m✓[39m src/hooks/useGridPlacement.test.ts [2m([22m[2m4 tests[22m[2m)[22m[32m 98[2mms[22m[39m
 [32m✓[39m src/hooks/useFineSortDrag.test.ts [2m([22m[2m5 tests[22m[2m)[22m[32m 156[2mms[22m[39m
[90mstderr[2m | src/pages/FineSortPage.test.tsx[2m > [22m[2mFineSortPage Integration[2m > [22m[2mreconciles missing cards into Neutral deck
[22m[39mReconciling missing cards: [ [33m4[39m ]

[90mstderr[2m | src/pages/FineSortPage.test.tsx[2m > [22m[2mFineSortPage Integration[2m > [22m[2mEscape key deselects active card
[22m[39mReconciling missing cards: [ [33m1[39m, [33m2[39m, [33m3[39m, [33m4[39m ]

 [32m✓[39m src/pages/FineSortPage.test.tsx [2m([22m[2m5 tests[22m[2m)[22m[33m 336[2mms[22m[39m
 [32m✓[39m src/components/DroppableSlot.test.tsx [2m([22m[2m3 tests[22m[2m)[22m[32m 153[2mms[22m[39m
 [32m✓[39m src/components/CardPile.test.tsx [2m([22m[2m3 tests[22m[2m)[22m[32m 118[2mms[22m[39m
[90mstderr[2m | src/components/ReadingZone.test.tsx[2m > [22m[2mReadingZone[2m > [22m[2mshows methodology tips when idle (no card selected or hovered)
[22m[39m`ReactDOMTestUtils.act` is deprecated in favor of `React.act`. Import `act` from `react` instead of `react-dom/test-utils`. See https://react.dev/warnings/react-dom-test-utils for more info.

 [32m✓[39m src/components/ReadingZone.test.tsx [2m([22m[2m3 tests[22m[2m)[22m[32m 178[2mms[22m[39m
[90mstderr[2m | src/hooks/useGridSanity.test.ts[2m > [22m[2museGridSanity[2m > [22m[2mremoves overlapping cards
[22m[39mSanity: Card 2 overlaps at 0_0. Removing.

[90mstderr[2m | src/hooks/useGridSanity.test.ts[2m > [22m[2museGridSanity[2m > [22m[2mremoves out-of-bounds cards (row too high)
[22m[39mSanity: Card 1 out of bounds at 0,5. Removing.

[90mstderr[2m | src/hooks/useGridSanity.test.ts[2m > [22m[2museGridSanity[2m > [22m[2mremoves out-of-bounds cards (col invalid)
[22m[39mSanity: Card 1 out of bounds at 5,0. Removing.

 [32m✓[39m src/hooks/useGridSanity.test.ts [2m([22m[2m4 tests[22m[2m)[22m[32m 85[2mms[22m[39m
[90mstderr[2m | src/hooks/useStudyConfig.test.tsx[2m > [22m[2museStudyConfig[2m > [22m[2mhandles API errors (e.g. 404/500) gracefully
[22m[39mFailed to fetch or validate study: Error: Not Found
    at [90m/home/julien/open-q/frontend/[39msrc/hooks/useStudyConfig.test.tsx:94:23
    at [90mfile:///home/julien/open-q/frontend/[39mnode_modules/[4m@vitest/runner[24m/dist/index.js:145:11
    at [90mfile:///home/julien/open-q/frontend/[39mnode_modules/[4m@vitest/runner[24m/dist/index.js:915:26
    at [90mfile:///home/julien/open-q/frontend/[39mnode_modules/[4m@vitest/runner[24m/dist/index.js:1243:20
    at new Promise (<anonymous>)
    at runWithTimeout [90m(file:///home/julien/open-q/frontend/[39mnode_modules/[4m@vitest/runner[24m/dist/index.js:1209:10[90m)[39m
    at [90mfile:///home/julien/open-q/frontend/[39mnode_modules/[4m@vitest/runner[24m/dist/index.js:1653:37
    at Traces.$ [90m(file:///home/julien/open-q/frontend/[39mnode_modules/[4mvitest[24m/dist/chunks/traces.U4xDYhzZ.js:115:27[90m)[39m
    at trace [90m(file:///home/julien/open-q/frontend/[39mnode_modules/[4mvitest[24m/dist/chunks/test.B8ej_ZHS.js:239:21[90m)[39m
    at runTest [90m(file:///home/julien/open-q/frontend/[39mnode_modules/[4m@vitest/runner[24m/dist/index.js:1653:12[90m)[39m

 [32m✓[39m src/hooks/useStudyConfig.test.tsx [2m([22m[2m3 tests[22m[2m)[22m[32m 106[2mms[22m[39m
 [32m✓[39m src/integration/StudyStateManagement.test.tsx [2m([22m[2m11 tests[22m[2m)[22m[32m 145[2mms[22m[39m
 [32m✓[39m src/hooks/useDeckManagement.test.ts [2m([22m[2m4 tests[22m[2m)[22m[32m 84[2mms[22m[39m
 [32m✓[39m src/hooks/useStudyConfig.session-isolation.test.ts [2m([22m[2m16 tests[22m[2m | [22m[33m2 skipped[39m[2m)[22m[32m 80[2mms[22m[39m
 [32m✓[39m src/api/client.test.ts [2m([22m[2m4 tests[22m[2m)[22m[32m 50[2mms[22m[39m
 [32m✓[39m src/hooks/useFineSortDrag.deck.test.ts [2m([22m[2m3 tests[22m[2m)[22m[32m 156[2mms[22m[39m
 [32m✓[39m src/hooks/useScaleToFit.test.tsx [2m([22m[2m4 tests[22m[2m)[22m[32m 97[2mms[22m[39m
 [32m✓[39m src/store/atomicStores.test.ts [2m([22m[2m20 tests[22m[2m | [22m[33m1 skipped[39m[2m)[22m[32m 77[2mms[22m[39m
 [32m✓[39m src/pages/ResetPage.test.tsx [2m([22m[2m1 test[22m[2m)[22m[32m 252[2mms[22m[39m
 [32m✓[39m src/api/mutator.test.ts [2m([22m[2m6 tests[22m[2m)[22m[32m 55[2mms[22m[39m
 [32m✓[39m src/utils/i18nOverrides.test.ts [2m([22m[2m4 tests[22m[2m)[22m[32m 28[2mms[22m[39m
 [32m✓[39m src/utils/mergeStudy.test.ts [2m([22m[2m7 tests[22m[2m)[22m[32m 30[2mms[22m[39m
[90mstderr[2m | src/store/useResponseStore.test.ts[2m > [22m[2museResponseStore[2m > [22m[2mshould NOT place card if column is full
[22m[39mColumn 0 is full.

 [32m✓[39m src/store/useResponseStore.test.ts [2m([22m[2m8 tests[22m[2m)[22m[32m 31[2mms[22m[39m
 [32m✓[39m src/store/useConfigStore.test.ts [2m([22m[2m6 tests[22m[2m)[22m[32m 18[2mms[22m[39m
 [32m✓[39m src/store/useSessionStore.test.ts [2m([22m[2m6 tests[22m[2m)[22m[32m 34[2mms[22m[39m
 [32m✓[39m src/store/roughSort.test.ts [2m([22m[2m2 tests[22m[2m)[22m[32m 9[2mms[22m[39m

[31m⎯⎯⎯⎯⎯⎯⎯[39m[1m[41m Failed Tests 1 [49m[22m[31m⎯⎯⎯⎯⎯⎯⎯[39m

[41m[1m FAIL [22m[49m src/hooks/useStudyPersistence.test.ts[2m > [22museStudyPersistence[2m > [22mshould backup draft to localStorage immediately
[31m[1mAssertionError[22m: expected null to be '{"slug":"test-study","statements":[],…' // Object.is equality[39m

[32m- Expected:[39m
"{\"slug\":\"test-study\",\"statements\":[],\"_study_id\":\"orig-id\"}"

[31m+ Received:[39m
null

[36m [2m❯[22m src/hooks/useStudyPersistence.test.ts:[2m131:24[22m[39m
    [90m129| [39m
    [90m130| [39m        const backup = localStorage.getItem('open-q-draft-backup-test-…
    [90m131| [39m        expect(backup).toBe(JSON.stringify({ ...draft, _study_id: 'ori…
    [90m   | [39m                       [31m^[39m
    [90m132| [39m    })[33m;[39m
    [90m133| [39m

[31m[2m⎯⎯⎯⎯⎯⎯⎯⎯⎯⎯⎯⎯⎯⎯⎯⎯⎯⎯⎯⎯⎯⎯⎯⎯[1/1]⎯[22m[39m


[2m Test Files [22m [1m[31m1 failed[39m[22m[2m | [22m[1m[32m59 passed[39m[22m[90m (60)[39m
[2m      Tests [22m [1m[31m1 failed[39m[22m[2m | [22m[1m[32m317 passed[39m[22m[2m | [22m[33m6 skipped[39m[90m (324)[39m
[2m   Start at [22m 20:34:38
[2m   Duration [22m 29.61s[2m (transform 26.79s, setup 135.71s, import 61.40s, tests 36.83s, environment 51.31s)[22m
